
Dell@DESKTOP-T2JHEMF MINGW64 ~ (master)
$ ssh -i Downloads/jenkins-key.pem ubuntu@18.183.199.115
Warning: Identity file Downloads/jenkins-key.pem not accessible: No such file or directory.
ssh: connect to host 18.183.199.115 port 22: Connection refused

Dell@DESKTOP-T2JHEMF MINGW64 ~ (master)
$ ssh -i Downloads/jenkins_key.pem ubuntu@18.183.199.115
The authenticity of host '18.183.199.115 (18.183.199.115)' can't be established.
ED25519 key fingerprint is SHA256:J2h02wLEEVYfr2/ZJhgWFCD56ZGSDUAHGxTFvo2fnGM.
This host key is known by the following other names/addresses:
    ~/.ssh/known_hosts:5: 35.79.224.100
    ~/.ssh/known_hosts:8: 13.114.191.235
    ~/.ssh/known_hosts:9: 18.183.108.66
Are you sure you want to continue connecting (yes/no/[fingerprint])? yes
Warning: Permanently added '18.183.199.115' (ED25519) to the list of known hosts.
Welcome to Ubuntu 20.04.6 LTS (GNU/Linux 5.15.0-1053-aws x86_64)

 * Documentation:  https://help.ubuntu.com
 * Management:     https://landscape.canonical.com
 * Support:        https://ubuntu.com/advantage

 System information disabled due to load higher than 1.0

 * Ubuntu Pro delivers the most comprehensive open source security and
   compliance features.

   https://ubuntu.com/aws/pro

Expanded Security Maintenance for Applications is not enabled.

27 updates can be applied immediately.
To see these additional updates run: apt list --upgradable

2 additional security updates can be applied with ESM Apps.
Learn more about enabling ESM Apps service at https://ubuntu.com/esm

New release '22.04.3 LTS' available.
Run 'do-release-upgrade' to upgrade to it.


Last login: Sat Feb 17 05:22:54 2024 from 103.251.210.8
ubuntu@ip-172-31-4-81:~$ sudo -i
root@ip-172-31-4-81:~# sudo apt update && sudo apt install awscli -y
Hit:1 http://ap-northeast-1.ec2.archive.ubuntu.com/ubuntu focal InRelease
Get:2 http://ap-northeast-1.ec2.archive.ubuntu.com/ubuntu focal-updates InRelease [114 kB]
Hit:3 http://ap-northeast-1.ec2.archive.ubuntu.com/ubuntu focal-backports InRelease
Ign:4 https://pkg.jenkins.io/debian-stable binary/ InRelease
Hit:5 https://pkg.jenkins.io/debian-stable binary/ Release
Hit:6 http://security.ubuntu.com/ubuntu focal-security InRelease
Get:7 http://ap-northeast-1.ec2.archive.ubuntu.com/ubuntu focal-updates/main amd64 Packages [3095 kB]
Get:8 http://ap-northeast-1.ec2.archive.ubuntu.com/ubuntu focal-updates/multiverse amd64 Packages [26.1 kB]
Fetched 3235 kB in 1s (2435 kB/s)
Reading package lists... Done
Building dependency tree
Reading state information... Done
28 packages can be upgraded. Run 'apt list --upgradable' to see them.
Reading package lists... Done
Building dependency tree
Reading state information... Done
The following additional packages will be installed:
  docutils-common fonts-droid-fallback fonts-noto-mono fonts-urw-base35
  ghostscript groff gsfonts imagemagick imagemagick-6-common imagemagick-6.q16
  libdjvulibre-text libdjvulibre21 libfftw3-double3 libgomp1 libgs9
  libgs9-common libidn11 libijs-0.35 libilmbase24 libimagequant0 libjbig2dec0
  liblqr-1-0 libmagickcore-6.q16-6 libmagickcore-6.q16-6-extra
  libmagickwand-6.q16-6 libnetpbm10 libopenexr24 libopenjp2-7 libpaper-utils
  libpaper1 libwebpdemux2 libwebpmux3 libwmf0.2-7 netpbm poppler-data psutils
  python3-botocore python3-dateutil python3-docutils python3-jmespath
  python3-olefile python3-pil python3-pygments python3-roman python3-rsa
  python3-s3transfer sgml-base xml-core
Suggested packages:
  fonts-noto fonts-freefont-otf | fonts-freefont-ttf fonts-texgyre
  ghostscript-x imagemagick-doc autotrace cups-bsd | lpr | lprng enscript
  ffmpeg gimp gnuplot grads graphviz hp2xx html2ps libwmf-bin mplayer povray
  radiance sane-utils texlive-base-bin transfig ufraw-batch xdg-utils
  libfftw3-bin libfftw3-dev inkscape libjxr-tools libwmf0.2-7-gtk
  poppler-utils fonts-japanese-mincho | fonts-ipafont-mincho
  fonts-japanese-gothic | fonts-ipafont-gothic fonts-arphic-ukai
  fonts-arphic-uming fonts-nanum docutils-doc fonts-linuxlibertine
  | ttf-linux-libertine texlive-lang-french texlive-latex-base
  texlive-latex-recommended python-pil-doc python3-pil-dbg python-pygments-doc
  ttf-bitstream-vera sgml-base-doc debhelper
The following NEW packages will be installed:
  awscli docutils-common fonts-droid-fallback fonts-noto-mono fonts-urw-base35
  ghostscript groff gsfonts imagemagick imagemagick-6-common imagemagick-6.q16
  libdjvulibre-text libdjvulibre21 libfftw3-double3 libgomp1 libgs9
  libgs9-common libidn11 libijs-0.35 libilmbase24 libimagequant0 libjbig2dec0
  liblqr-1-0 libmagickcore-6.q16-6 libmagickcore-6.q16-6-extra
  libmagickwand-6.q16-6 libnetpbm10 libopenexr24 libopenjp2-7 libpaper-utils
  libpaper1 libwebpdemux2 libwebpmux3 libwmf0.2-7 netpbm poppler-data psutils
  python3-botocore python3-dateutil python3-docutils python3-jmespath
  python3-olefile python3-pil python3-pygments python3-roman python3-rsa
  python3-s3transfer sgml-base xml-core
0 upgraded, 49 newly installed, 0 to remove and 28 not upgraded.
Need to get 31.9 MB of archives.
After this operation, 156 MB of additional disk space will be used.
Get:1 http://ap-northeast-1.ec2.archive.ubuntu.com/ubuntu focal/main amd64 fonts-droid-fallback all 1:6.0.1r16-1.1 [1805 kB]
Get:2 http://ap-northeast-1.ec2.archive.ubuntu.com/ubuntu focal-updates/main amd64 libgomp1 amd64 10.5.0-1ubuntu1~20.04 [102 kB]
Get:3 http://ap-northeast-1.ec2.archive.ubuntu.com/ubuntu focal/main amd64 libfftw3-double3 amd64 3.3.8-2ubuntu1 [728 kB]
Get:4 http://ap-northeast-1.ec2.archive.ubuntu.com/ubuntu focal/universe amd64 liblqr-1-0 amd64 0.4.2-2.1 [27.7 kB]
Get:5 http://ap-northeast-1.ec2.archive.ubuntu.com/ubuntu focal-updates/main amd64 libwebpmux3 amd64 0.6.1-2ubuntu0.20.04.3 [19.5 kB]
Get:6 http://ap-northeast-1.ec2.archive.ubuntu.com/ubuntu focal-updates/universe amd64 imagemagick-6-common all 8:6.9.10.23+dfsg-2.1ubuntu11.9 [61.7 kB]
Get:7 http://ap-northeast-1.ec2.archive.ubuntu.com/ubuntu focal-updates/universe amd64 libmagickcore-6.q16-6 amd64 8:6.9.10.23+dfsg-2.1ubuntu11.9 [1650 kB]
Get:8 http://ap-northeast-1.ec2.archive.ubuntu.com/ubuntu focal-updates/universe amd64 libmagickwand-6.q16-6 amd64 8:6.9.10.23+dfsg-2.1ubuntu11.9 [304 kB]
Get:9 http://ap-northeast-1.ec2.archive.ubuntu.com/ubuntu focal/main amd64 poppler-data all 0.4.9-2 [1475 kB]
Get:10 http://ap-northeast-1.ec2.archive.ubuntu.com/ubuntu focal/main amd64 sgml-base all 1.29.1 [12.4 kB]
Get:11 http://ap-northeast-1.ec2.archive.ubuntu.com/ubuntu focal/universe amd64 groff amd64 1.22.4-4build1 [3951 kB]
Get:12 http://ap-northeast-1.ec2.archive.ubuntu.com/ubuntu focal/main amd64 python3-dateutil all 2.7.3-3ubuntu1 [63.3 kB]
Get:13 http://ap-northeast-1.ec2.archive.ubuntu.com/ubuntu focal/main amd64 xml-core all 0.18+nmu1 [21.6 kB]
Get:14 http://ap-northeast-1.ec2.archive.ubuntu.com/ubuntu focal/main amd64 docutils-common all 0.16+dfsg-2 [116 kB]
Get:15 http://ap-northeast-1.ec2.archive.ubuntu.com/ubuntu focal/main amd64 python3-roman all 2.0.0-3build1 [8728 B]
Get:16 http://ap-northeast-1.ec2.archive.ubuntu.com/ubuntu focal/main amd64 python3-docutils all 0.16+dfsg-2 [368 kB]
Get:17 http://ap-northeast-1.ec2.archive.ubuntu.com/ubuntu focal-updates/main amd64 python3-jmespath all 0.9.4-2ubuntu1 [21.5 kB]
Get:18 http://ap-northeast-1.ec2.archive.ubuntu.com/ubuntu focal-updates/universe amd64 python3-botocore all 1.16.19+repack-1ubuntu0.20.04.1 [3255 kB]
Get:19 http://ap-northeast-1.ec2.archive.ubuntu.com/ubuntu focal/universe amd64 python3-rsa all 4.0-3 [24.7 kB]
Get:20 http://ap-northeast-1.ec2.archive.ubuntu.com/ubuntu focal/universe amd64 python3-s3transfer all 0.3.3-1 [46.6 kB]
Get:21 http://ap-northeast-1.ec2.archive.ubuntu.com/ubuntu focal-updates/universe amd64 awscli all 1.18.69-1ubuntu0.20.04.1 [967 kB]
Get:22 http://ap-northeast-1.ec2.archive.ubuntu.com/ubuntu focal-updates/main amd64 fonts-noto-mono all 20200323-1build1~ubuntu20.04.1 [80.6 kB]
Get:23 http://ap-northeast-1.ec2.archive.ubuntu.com/ubuntu focal/main amd64 fonts-urw-base35 all 20170801.1-3 [6333 kB]
Get:24 http://ap-northeast-1.ec2.archive.ubuntu.com/ubuntu focal-updates/main amd64 libgs9-common all 9.50~dfsg-5ubuntu4.11 [682 kB]
Get:25 http://ap-northeast-1.ec2.archive.ubuntu.com/ubuntu focal/main amd64 libidn11 amd64 1.33-2.2ubuntu2 [46.2 kB]
Get:26 http://ap-northeast-1.ec2.archive.ubuntu.com/ubuntu focal/main amd64 libijs-0.35 amd64 0.35-15 [15.7 kB]
Get:27 http://ap-northeast-1.ec2.archive.ubuntu.com/ubuntu focal/main amd64 libjbig2dec0 amd64 0.18-1ubuntu1 [60.0 kB]
Get:28 http://ap-northeast-1.ec2.archive.ubuntu.com/ubuntu focal-updates/main amd64 libopenjp2-7 amd64 2.3.1-1ubuntu4.20.04.1 [141 kB]
Get:29 http://ap-northeast-1.ec2.archive.ubuntu.com/ubuntu focal/main amd64 libpaper1 amd64 1.1.28 [13.0 kB]
Get:30 http://ap-northeast-1.ec2.archive.ubuntu.com/ubuntu focal-updates/main amd64 libgs9 amd64 9.50~dfsg-5ubuntu4.11 [2174 kB]
Get:31 http://ap-northeast-1.ec2.archive.ubuntu.com/ubuntu focal-updates/main amd64 ghostscript amd64 9.50~dfsg-5ubuntu4.11 [52.1 kB]
Get:32 http://ap-northeast-1.ec2.archive.ubuntu.com/ubuntu focal/universe amd64 gsfonts all 1:8.11+urwcyr1.0.7~pre44-4.4 [3120 kB]
Get:33 http://ap-northeast-1.ec2.archive.ubuntu.com/ubuntu focal-updates/universe amd64 imagemagick-6.q16 amd64 8:6.9.10.23+dfsg-2.1ubuntu11.9 [427 kB]
Get:34 http://ap-northeast-1.ec2.archive.ubuntu.com/ubuntu focal-updates/universe amd64 imagemagick amd64 8:6.9.10.23+dfsg-2.1ubuntu11.9 [14.4 kB]
Get:35 http://ap-northeast-1.ec2.archive.ubuntu.com/ubuntu focal-updates/main amd64 libdjvulibre-text all 3.5.27.1-14ubuntu0.1 [49.2 kB]
Get:36 http://ap-northeast-1.ec2.archive.ubuntu.com/ubuntu focal-updates/main amd64 libdjvulibre21 amd64 3.5.27.1-14ubuntu0.1 [578 kB]
Get:37 http://ap-northeast-1.ec2.archive.ubuntu.com/ubuntu focal/universe amd64 libilmbase24 amd64 2.3.0-6build1 [75.1 kB]
Get:38 http://ap-northeast-1.ec2.archive.ubuntu.com/ubuntu focal/main amd64 libimagequant0 amd64 2.12.2-1.1 [31.4 kB]
Get:39 http://ap-northeast-1.ec2.archive.ubuntu.com/ubuntu focal-updates/universe amd64 libopenexr24 amd64 2.3.0-6ubuntu0.5 [592 kB]
Get:40 http://ap-northeast-1.ec2.archive.ubuntu.com/ubuntu focal/main amd64 libwmf0.2-7 amd64 0.2.8.4-17ubuntu1 [149 kB]
Get:41 http://ap-northeast-1.ec2.archive.ubuntu.com/ubuntu focal-updates/universe amd64 libmagickcore-6.q16-6-extra amd64 8:6.9.10.23+dfsg-2.1ubuntu11.9 [64.8 kB]
Get:42 http://ap-northeast-1.ec2.archive.ubuntu.com/ubuntu focal/universe amd64 libnetpbm10 amd64 2:10.0-15.3build1 [58.0 kB]
Get:43 http://ap-northeast-1.ec2.archive.ubuntu.com/ubuntu focal/main amd64 libpaper-utils amd64 1.1.28 [8400 B]
Get:44 http://ap-northeast-1.ec2.archive.ubuntu.com/ubuntu focal-updates/main amd64 libwebpdemux2 amd64 0.6.1-2ubuntu0.20.04.3 [9560 B]
Get:45 http://ap-northeast-1.ec2.archive.ubuntu.com/ubuntu focal/universe amd64 netpbm amd64 2:10.0-15.3build1 [1017 kB]
Get:46 http://ap-northeast-1.ec2.archive.ubuntu.com/ubuntu focal/universe amd64 psutils amd64 1.17.dfsg-4 [56.2 kB]
Get:47 http://ap-northeast-1.ec2.archive.ubuntu.com/ubuntu focal/main amd64 python3-olefile all 0.46-2 [33.7 kB]
Get:48 http://ap-northeast-1.ec2.archive.ubuntu.com/ubuntu focal-updates/main amd64 python3-pil amd64 7.0.0-4ubuntu0.8 [367 kB]
Get:49 http://ap-northeast-1.ec2.archive.ubuntu.com/ubuntu focal-updates/main amd64 python3-pygments all 2.3.1+dfsg-1ubuntu2.2 [579 kB]
Fetched 31.9 MB in 1s (41.0 MB/s)
Extracting templates from packages: 100%
Preconfiguring packages ...
Selecting previously unselected package fonts-droid-fallback.
(Reading database ... 107884 files and directories currently installed.)
Preparing to unpack .../00-fonts-droid-fallback_1%3a6.0.1r16-1.1_all.deb ...
Unpacking fonts-droid-fallback (1:6.0.1r16-1.1) ...
Selecting previously unselected package libgomp1:amd64.
Preparing to unpack .../01-libgomp1_10.5.0-1ubuntu1~20.04_amd64.deb ...
Unpacking libgomp1:amd64 (10.5.0-1ubuntu1~20.04) ...
Selecting previously unselected package libfftw3-double3:amd64.
Preparing to unpack .../02-libfftw3-double3_3.3.8-2ubuntu1_amd64.deb ...
Unpacking libfftw3-double3:amd64 (3.3.8-2ubuntu1) ...
Selecting previously unselected package liblqr-1-0:amd64.
Preparing to unpack .../03-liblqr-1-0_0.4.2-2.1_amd64.deb ...
Unpacking liblqr-1-0:amd64 (0.4.2-2.1) ...
Selecting previously unselected package libwebpmux3:amd64.
Preparing to unpack .../04-libwebpmux3_0.6.1-2ubuntu0.20.04.3_amd64.deb ...
Unpacking libwebpmux3:amd64 (0.6.1-2ubuntu0.20.04.3) ...
Selecting previously unselected package imagemagick-6-common.
Preparing to unpack .../05-imagemagick-6-common_8%3a6.9.10.23+dfsg-2.1ubuntu11.9_all.deb ...
Unpacking imagemagick-6-common (8:6.9.10.23+dfsg-2.1ubuntu11.9) ...
Selecting previously unselected package libmagickcore-6.q16-6:amd64.
Preparing to unpack .../06-libmagickcore-6.q16-6_8%3a6.9.10.23+dfsg-2.1ubuntu11.9_amd64.deb ...
Unpacking libmagickcore-6.q16-6:amd64 (8:6.9.10.23+dfsg-2.1ubuntu11.9) ...
Selecting previously unselected package libmagickwand-6.q16-6:amd64.
Preparing to unpack .../07-libmagickwand-6.q16-6_8%3a6.9.10.23+dfsg-2.1ubuntu11.9_amd64.deb ...
Unpacking libmagickwand-6.q16-6:amd64 (8:6.9.10.23+dfsg-2.1ubuntu11.9) ...
Selecting previously unselected package poppler-data.
Preparing to unpack .../08-poppler-data_0.4.9-2_all.deb ...
Unpacking poppler-data (0.4.9-2) ...
Selecting previously unselected package sgml-base.
Preparing to unpack .../09-sgml-base_1.29.1_all.deb ...
Unpacking sgml-base (1.29.1) ...
Selecting previously unselected package groff.
Preparing to unpack .../10-groff_1.22.4-4build1_amd64.deb ...
Unpacking groff (1.22.4-4build1) ...
Selecting previously unselected package python3-dateutil.
Preparing to unpack .../11-python3-dateutil_2.7.3-3ubuntu1_all.deb ...
Unpacking python3-dateutil (2.7.3-3ubuntu1) ...
Selecting previously unselected package xml-core.
Preparing to unpack .../12-xml-core_0.18+nmu1_all.deb ...
Unpacking xml-core (0.18+nmu1) ...
Selecting previously unselected package docutils-common.
Preparing to unpack .../13-docutils-common_0.16+dfsg-2_all.deb ...
Unpacking docutils-common (0.16+dfsg-2) ...
Selecting previously unselected package python3-roman.
Preparing to unpack .../14-python3-roman_2.0.0-3build1_all.deb ...
Unpacking python3-roman (2.0.0-3build1) ...
Selecting previously unselected package python3-docutils.
Preparing to unpack .../15-python3-docutils_0.16+dfsg-2_all.deb ...
Unpacking python3-docutils (0.16+dfsg-2) ...
Selecting previously unselected package python3-jmespath.
Preparing to unpack .../16-python3-jmespath_0.9.4-2ubuntu1_all.deb ...
Unpacking python3-jmespath (0.9.4-2ubuntu1) ...
Selecting previously unselected package python3-botocore.
Preparing to unpack .../17-python3-botocore_1.16.19+repack-1ubuntu0.20.04.1_all.deb ...
Unpacking python3-botocore (1.16.19+repack-1ubuntu0.20.04.1) ...
Selecting previously unselected package python3-rsa.
Preparing to unpack .../18-python3-rsa_4.0-3_all.deb ...
Unpacking python3-rsa (4.0-3) ...
Selecting previously unselected package python3-s3transfer.
Preparing to unpack .../19-python3-s3transfer_0.3.3-1_all.deb ...
Unpacking python3-s3transfer (0.3.3-1) ...
Selecting previously unselected package awscli.
Preparing to unpack .../20-awscli_1.18.69-1ubuntu0.20.04.1_all.deb ...
Unpacking awscli (1.18.69-1ubuntu0.20.04.1) ...
Selecting previously unselected package fonts-noto-mono.
Preparing to unpack .../21-fonts-noto-mono_20200323-1build1~ubuntu20.04.1_all.deb ...
Unpacking fonts-noto-mono (20200323-1build1~ubuntu20.04.1) ...
Selecting previously unselected package fonts-urw-base35.
Preparing to unpack .../22-fonts-urw-base35_20170801.1-3_all.deb ...
Unpacking fonts-urw-base35 (20170801.1-3) ...
Selecting previously unselected package libgs9-common.
Preparing to unpack .../23-libgs9-common_9.50~dfsg-5ubuntu4.11_all.deb ...
Unpacking libgs9-common (9.50~dfsg-5ubuntu4.11) ...
Selecting previously unselected package libidn11:amd64.
Preparing to unpack .../24-libidn11_1.33-2.2ubuntu2_amd64.deb ...
Unpacking libidn11:amd64 (1.33-2.2ubuntu2) ...
Selecting previously unselected package libijs-0.35:amd64.
Preparing to unpack .../25-libijs-0.35_0.35-15_amd64.deb ...
Unpacking libijs-0.35:amd64 (0.35-15) ...
Selecting previously unselected package libjbig2dec0:amd64.
Preparing to unpack .../26-libjbig2dec0_0.18-1ubuntu1_amd64.deb ...
Unpacking libjbig2dec0:amd64 (0.18-1ubuntu1) ...
Selecting previously unselected package libopenjp2-7:amd64.
Preparing to unpack .../27-libopenjp2-7_2.3.1-1ubuntu4.20.04.1_amd64.deb ...
Unpacking libopenjp2-7:amd64 (2.3.1-1ubuntu4.20.04.1) ...
Selecting previously unselected package libpaper1:amd64.
Preparing to unpack .../28-libpaper1_1.1.28_amd64.deb ...
Unpacking libpaper1:amd64 (1.1.28) ...
Selecting previously unselected package libgs9:amd64.
Preparing to unpack .../29-libgs9_9.50~dfsg-5ubuntu4.11_amd64.deb ...
Unpacking libgs9:amd64 (9.50~dfsg-5ubuntu4.11) ...
Selecting previously unselected package ghostscript.
Preparing to unpack .../30-ghostscript_9.50~dfsg-5ubuntu4.11_amd64.deb ...
Unpacking ghostscript (9.50~dfsg-5ubuntu4.11) ...
Selecting previously unselected package gsfonts.
Preparing to unpack .../31-gsfonts_1%3a8.11+urwcyr1.0.7~pre44-4.4_all.deb ...
Unpacking gsfonts (1:8.11+urwcyr1.0.7~pre44-4.4) ...
Selecting previously unselected package imagemagick-6.q16.
Preparing to unpack .../32-imagemagick-6.q16_8%3a6.9.10.23+dfsg-2.1ubuntu11.9_amd64.deb ...
Unpacking imagemagick-6.q16 (8:6.9.10.23+dfsg-2.1ubuntu11.9) ...
Selecting previously unselected package imagemagick.
Preparing to unpack .../33-imagemagick_8%3a6.9.10.23+dfsg-2.1ubuntu11.9_amd64.deb ...
Unpacking imagemagick (8:6.9.10.23+dfsg-2.1ubuntu11.9) ...
Selecting previously unselected package libdjvulibre-text.
Preparing to unpack .../34-libdjvulibre-text_3.5.27.1-14ubuntu0.1_all.deb ...
Unpacking libdjvulibre-text (3.5.27.1-14ubuntu0.1) ...
Selecting previously unselected package libdjvulibre21:amd64.
Preparing to unpack .../35-libdjvulibre21_3.5.27.1-14ubuntu0.1_amd64.deb ...
Unpacking libdjvulibre21:amd64 (3.5.27.1-14ubuntu0.1) ...
Selecting previously unselected package libilmbase24:amd64.
Preparing to unpack .../36-libilmbase24_2.3.0-6build1_amd64.deb ...
Unpacking libilmbase24:amd64 (2.3.0-6build1) ...
Selecting previously unselected package libimagequant0:amd64.
Preparing to unpack .../37-libimagequant0_2.12.2-1.1_amd64.deb ...
Unpacking libimagequant0:amd64 (2.12.2-1.1) ...
Selecting previously unselected package libopenexr24:amd64.
Preparing to unpack .../38-libopenexr24_2.3.0-6ubuntu0.5_amd64.deb ...
Unpacking libopenexr24:amd64 (2.3.0-6ubuntu0.5) ...
Selecting previously unselected package libwmf0.2-7:amd64.
Preparing to unpack .../39-libwmf0.2-7_0.2.8.4-17ubuntu1_amd64.deb ...
Unpacking libwmf0.2-7:amd64 (0.2.8.4-17ubuntu1) ...
Selecting previously unselected package libmagickcore-6.q16-6-extra:amd64.
Preparing to unpack .../40-libmagickcore-6.q16-6-extra_8%3a6.9.10.23+dfsg-2.1ubuntu11.9_amd64.deb ...
Unpacking libmagickcore-6.q16-6-extra:amd64 (8:6.9.10.23+dfsg-2.1ubuntu11.9) ...
Selecting previously unselected package libnetpbm10.
Preparing to unpack .../41-libnetpbm10_2%3a10.0-15.3build1_amd64.deb ...
Unpacking libnetpbm10 (2:10.0-15.3build1) ...
Selecting previously unselected package libpaper-utils.
Preparing to unpack .../42-libpaper-utils_1.1.28_amd64.deb ...
Unpacking libpaper-utils (1.1.28) ...
Selecting previously unselected package libwebpdemux2:amd64.
Preparing to unpack .../43-libwebpdemux2_0.6.1-2ubuntu0.20.04.3_amd64.deb ...
Unpacking libwebpdemux2:amd64 (0.6.1-2ubuntu0.20.04.3) ...
Selecting previously unselected package netpbm.
Preparing to unpack .../44-netpbm_2%3a10.0-15.3build1_amd64.deb ...
Unpacking netpbm (2:10.0-15.3build1) ...
Selecting previously unselected package psutils.
Preparing to unpack .../45-psutils_1.17.dfsg-4_amd64.deb ...
Unpacking psutils (1.17.dfsg-4) ...
Selecting previously unselected package python3-olefile.
Preparing to unpack .../46-python3-olefile_0.46-2_all.deb ...
Unpacking python3-olefile (0.46-2) ...
Selecting previously unselected package python3-pil:amd64.
Preparing to unpack .../47-python3-pil_7.0.0-4ubuntu0.8_amd64.deb ...
Unpacking python3-pil:amd64 (7.0.0-4ubuntu0.8) ...
Selecting previously unselected package python3-pygments.
Preparing to unpack .../48-python3-pygments_2.3.1+dfsg-1ubuntu2.2_all.deb ...
Unpacking python3-pygments (2.3.1+dfsg-1ubuntu2.2) ...
Setting up libpaper1:amd64 (1.1.28) ...

Creating config file /etc/papersize with new version
Setting up imagemagick-6-common (8:6.9.10.23+dfsg-2.1ubuntu11.9) ...
Setting up fonts-noto-mono (20200323-1build1~ubuntu20.04.1) ...
Setting up libwmf0.2-7:amd64 (0.2.8.4-17ubuntu1) ...
Setting up libijs-0.35:amd64 (0.35-15) ...
Setting up python3-olefile (0.46-2) ...
Setting up libwebpdemux2:amd64 (0.6.1-2ubuntu0.20.04.3) ...
Setting up libpaper-utils (1.1.28) ...
Setting up libnetpbm10 (2:10.0-15.3build1) ...
Setting up fonts-urw-base35 (20170801.1-3) ...
Setting up libgomp1:amd64 (10.5.0-1ubuntu1~20.04) ...
Setting up libilmbase24:amd64 (2.3.0-6build1) ...
Setting up poppler-data (0.4.9-2) ...
Setting up groff (1.22.4-4build1) ...
Setting up python3-roman (2.0.0-3build1) ...
Setting up python3-pygments (2.3.1+dfsg-1ubuntu2.2) ...
Setting up libopenexr24:amd64 (2.3.0-6ubuntu0.5) ...
Setting up libjbig2dec0:amd64 (0.18-1ubuntu1) ...
Setting up libidn11:amd64 (1.33-2.2ubuntu2) ...
Setting up python3-jmespath (0.9.4-2ubuntu1) ...
Setting up gsfonts (1:8.11+urwcyr1.0.7~pre44-4.4) ...
Setting up libimagequant0:amd64 (2.12.2-1.1) ...
Setting up netpbm (2:10.0-15.3build1) ...
Setting up libfftw3-double3:amd64 (3.3.8-2ubuntu1) ...
Setting up liblqr-1-0:amd64 (0.4.2-2.1) ...
Setting up python3-rsa (4.0-3) ...
Setting up libopenjp2-7:amd64 (2.3.1-1ubuntu4.20.04.1) ...
Setting up python3-dateutil (2.7.3-3ubuntu1) ...
Setting up sgml-base (1.29.1) ...
Setting up fonts-droid-fallback (1:6.0.1r16-1.1) ...
Setting up libdjvulibre-text (3.5.27.1-14ubuntu0.1) ...
Setting up libwebpmux3:amd64 (0.6.1-2ubuntu0.20.04.3) ...
Setting up psutils (1.17.dfsg-4) ...
Setting up libgs9-common (9.50~dfsg-5ubuntu4.11) ...
Setting up libgs9:amd64 (9.50~dfsg-5ubuntu4.11) ...
Setting up libdjvulibre21:amd64 (3.5.27.1-14ubuntu0.1) ...
Setting up ghostscript (9.50~dfsg-5ubuntu4.11) ...
Setting up python3-pil:amd64 (7.0.0-4ubuntu0.8) ...
Setting up libmagickcore-6.q16-6:amd64 (8:6.9.10.23+dfsg-2.1ubuntu11.9) ...
Setting up xml-core (0.18+nmu1) ...
Setting up libmagickwand-6.q16-6:amd64 (8:6.9.10.23+dfsg-2.1ubuntu11.9) ...
Setting up libmagickcore-6.q16-6-extra:amd64 (8:6.9.10.23+dfsg-2.1ubuntu11.9) ...
Setting up imagemagick-6.q16 (8:6.9.10.23+dfsg-2.1ubuntu11.9) ...
update-alternatives: using /usr/bin/compare-im6.q16 to provide /usr/bin/compare (compare) in auto mode
update-alternatives: using /usr/bin/compare-im6.q16 to provide /usr/bin/compare-im6 (compare-im6) in auto mode
update-alternatives: using /usr/bin/animate-im6.q16 to provide /usr/bin/animate (animate) in auto mode
update-alternatives: using /usr/bin/animate-im6.q16 to provide /usr/bin/animate-im6 (animate-im6) in auto mode
update-alternatives: using /usr/bin/convert-im6.q16 to provide /usr/bin/convert (convert) in auto mode
update-alternatives: using /usr/bin/convert-im6.q16 to provide /usr/bin/convert-im6 (convert-im6) in auto mode
update-alternatives: using /usr/bin/composite-im6.q16 to provide /usr/bin/composite (composite) in auto mode
update-alternatives: using /usr/bin/composite-im6.q16 to provide /usr/bin/composite-im6 (composite-im6) in auto mode
update-alternatives: using /usr/bin/conjure-im6.q16 to provide /usr/bin/conjure (conjure) in auto mode
update-alternatives: using /usr/bin/conjure-im6.q16 to provide /usr/bin/conjure-im6 (conjure-im6) in auto mode
update-alternatives: using /usr/bin/import-im6.q16 to provide /usr/bin/import (import) in auto mode
update-alternatives: using /usr/bin/import-im6.q16 to provide /usr/bin/import-im6 (import-im6) in auto mode
update-alternatives: using /usr/bin/identify-im6.q16 to provide /usr/bin/identify (identify) in auto mode
update-alternatives: using /usr/bin/identify-im6.q16 to provide /usr/bin/identify-im6 (identify-im6) in auto mode
update-alternatives: using /usr/bin/stream-im6.q16 to provide /usr/bin/stream (stream) in auto mode
update-alternatives: using /usr/bin/stream-im6.q16 to provide /usr/bin/stream-im6 (stream-im6) in auto mode
update-alternatives: using /usr/bin/display-im6.q16 to provide /usr/bin/display (display) in auto mode
update-alternatives: using /usr/bin/display-im6.q16 to provide /usr/bin/display-im6 (display-im6) in auto mode
update-alternatives: using /usr/bin/montage-im6.q16 to provide /usr/bin/montage (montage) in auto mode
update-alternatives: using /usr/bin/montage-im6.q16 to provide /usr/bin/montage-im6 (montage-im6) in auto mode
update-alternatives: using /usr/bin/mogrify-im6.q16 to provide /usr/bin/mogrify (mogrify) in auto mode
update-alternatives: using /usr/bin/mogrify-im6.q16 to provide /usr/bin/mogrify-im6 (mogrify-im6) in auto mode
Setting up imagemagick (8:6.9.10.23+dfsg-2.1ubuntu11.9) ...
Processing triggers for install-info (6.7.0.dfsg.2-5) ...
Processing triggers for fontconfig (2.13.1-2ubuntu3) ...
Processing triggers for mime-support (3.64ubuntu1) ...
Processing triggers for hicolor-icon-theme (0.17-2) ...
Processing triggers for libc-bin (2.31-0ubuntu9.14) ...
Processing triggers for man-db (2.9.1-1) ...
Processing triggers for shared-mime-info (1.15-1) ...
Processing triggers for sgml-base (1.29.1) ...
Setting up docutils-common (0.16+dfsg-2) ...
Processing triggers for sgml-base (1.29.1) ...
Setting up python3-docutils (0.16+dfsg-2) ...
update-alternatives: using /usr/share/docutils/scripts/python3/rst-buildhtml to provide /usr/bin/rst-buildhtml (rst-buildhtml) in auto mode
update-alternatives: using /usr/share/docutils/scripts/python3/rst2html to provide /usr/bin/rst2html (rst2html) in auto mode
update-alternatives: using /usr/share/docutils/scripts/python3/rst2html4 to provide /usr/bin/rst2html4 (rst2html4) in auto mode
update-alternatives: using /usr/share/docutils/scripts/python3/rst2html5 to provide /usr/bin/rst2html5 (rst2html5) in auto mode
update-alternatives: using /usr/share/docutils/scripts/python3/rst2latex to provide /usr/bin/rst2latex (rst2latex) in auto mode
update-alternatives: using /usr/share/docutils/scripts/python3/rst2man to provide /usr/bin/rst2man (rst2man) in auto mode
update-alternatives: using /usr/share/docutils/scripts/python3/rst2odt to provide /usr/bin/rst2odt (rst2odt) in auto mode
update-alternatives: using /usr/share/docutils/scripts/python3/rst2odt_prepstyles to provide /usr/bin/rst2odt_prepstyles (rst2odt_prepstyles) in auto mode
update-alternatives: using /usr/share/docutils/scripts/python3/rst2pseudoxml to provide /usr/bin/rst2pseudoxml (rst2pseudoxml) in auto mode
update-alternatives: using /usr/share/docutils/scripts/python3/rst2s5 to provide /usr/bin/rst2s5 (rst2s5) in auto mode
update-alternatives: using /usr/share/docutils/scripts/python3/rst2xetex to provide /usr/bin/rst2xetex (rst2xetex) in auto mode
update-alternatives: using /usr/share/docutils/scripts/python3/rst2xml to provide /usr/bin/rst2xml (rst2xml) in auto mode
update-alternatives: using /usr/share/docutils/scripts/python3/rstpep2html to provide /usr/bin/rstpep2html (rstpep2html) in auto mode
Setting up python3-botocore (1.16.19+repack-1ubuntu0.20.04.1) ...
Setting up python3-s3transfer (0.3.3-1) ...
Setting up awscli (1.18.69-1ubuntu0.20.04.1) ...
root@ip-172-31-4-81:~# sudo -i
root@ip-172-31-4-81:~# sudo apt-get update
Hit:1 http://ap-northeast-1.ec2.archive.ubuntu.com/ubuntu focal InRelease
Hit:2 http://ap-northeast-1.ec2.archive.ubuntu.com/ubuntu focal-updates InRelease
Hit:3 http://ap-northeast-1.ec2.archive.ubuntu.com/ubuntu focal-backports InRelease
Ign:4 https://pkg.jenkins.io/debian-stable binary/ InRelease
Hit:5 https://pkg.jenkins.io/debian-stable binary/ Release
Hit:6 http://security.ubuntu.com/ubuntu focal-security InRelease
Reading package lists... Done
root@ip-172-31-4-81:~# sudo apt-get install ca-certificates curl -y
Reading package lists... Done
Building dependency tree
Reading state information... Done
ca-certificates is already the newest version (20230311ubuntu0.20.04.1).
ca-certificates set to manually installed.
curl is already the newest version (7.68.0-1ubuntu2.21).
curl set to manually installed.
0 upgraded, 0 newly installed, 0 to remove and 28 not upgraded.
root@ip-172-31-4-81:~# sudo install -m 0755 -d /etc/apt/keyrings
root@ip-172-31-4-81:~# sudo curl -fsSL https://download.docker.com/linux/ubuntu/gpg -o /etc/apt/keyrings/docker.asc
root@ip-172-31-4-81:~# sudo chmod a+r /etc/apt/keyrings/docker.asc
root@ip-172-31-4-81:~# echo \
>   "deb [arch=$(dpkg --print-architecture) signed-by=/etc/apt/keyrings/docker.asc] https://download.docker.com/linux/ubuntu \
>   $(. /etc/os-release && echo "$VERSION_CODENAME") stable" | \
>   sudo tee /etc/apt/sources.list.d/docker.list > /dev/null
root@ip-172-31-4-81:~# sudo apt-get update
Hit:1 http://ap-northeast-1.ec2.archive.ubuntu.com/ubuntu focal InRelease
Hit:2 http://ap-northeast-1.ec2.archive.ubuntu.com/ubuntu focal-updates InRelease
Hit:3 http://ap-northeast-1.ec2.archive.ubuntu.com/ubuntu focal-backports InRelease
Get:4 https://download.docker.com/linux/ubuntu focal InRelease [57.7 kB]
Ign:5 https://pkg.jenkins.io/debian-stable binary/ InRelease
Hit:6 https://pkg.jenkins.io/debian-stable binary/ Release
Hit:7 http://security.ubuntu.com/ubuntu focal-security InRelease
Get:9 https://download.docker.com/linux/ubuntu focal/stable amd64 Packages [37.8 kB]
Fetched 95.5 kB in 1s (110 kB/s)
Reading package lists... Done
root@ip-172-31-4-81:~# sudo apt-get install docker-ce docker-ce-cli containerd.io docker-buildx-plugin docker-compose-plugin
Reading package lists... Done
Building dependency tree
Reading state information... Done
The following additional packages will be installed:
  docker-ce-rootless-extras pigz slirp4netns
Suggested packages:
  aufs-tools cgroupfs-mount | cgroup-lite
The following NEW packages will be installed:
  containerd.io docker-buildx-plugin docker-ce docker-ce-cli
  docker-ce-rootless-extras docker-compose-plugin pigz slirp4netns
0 upgraded, 8 newly installed, 0 to remove and 28 not upgraded.
Need to get 117 MB of archives.
After this operation, 420 MB of additional disk space will be used.
Do you want to continue? [Y/n] Y
Get:1 http://ap-northeast-1.ec2.archive.ubuntu.com/ubuntu focal/universe amd64 pigz amd64 2.4-1 [57.4 kB]
Get:2 http://ap-northeast-1.ec2.archive.ubuntu.com/ubuntu focal/universe amd64 slirp4netns amd64 0.4.3-1 [74.3 kB]
Get:3 https://download.docker.com/linux/ubuntu focal/stable amd64 containerd.io amd64 1.6.28-1 [29.6 MB]
Get:4 https://download.docker.com/linux/ubuntu focal/stable amd64 docker-buildx-plugin amd64 0.12.1-1~ubuntu.20.04~focal [28.2 MB]
Get:5 https://download.docker.com/linux/ubuntu focal/stable amd64 docker-ce-cli amd64 5:25.0.3-1~ubuntu.20.04~focal [13.7 MB]
Get:6 https://download.docker.com/linux/ubuntu focal/stable amd64 docker-ce amd64 5:25.0.3-1~ubuntu.20.04~focal [24.3 MB]
Get:7 https://download.docker.com/linux/ubuntu focal/stable amd64 docker-ce-rootless-extras amd64 5:25.0.3-1~ubuntu.20.04~focal [9324 kB]
Get:8 https://download.docker.com/linux/ubuntu focal/stable amd64 docker-compose-plugin amd64 2.24.5-1~ubuntu.20.04~focal [12.1 MB]
Fetched 117 MB in 2s (49.1 MB/s)
Selecting previously unselected package pigz.
(Reading database ... 117242 files and directories currently installed.)
Preparing to unpack .../0-pigz_2.4-1_amd64.deb ...
Unpacking pigz (2.4-1) ...
Selecting previously unselected package containerd.io.
Preparing to unpack .../1-containerd.io_1.6.28-1_amd64.deb ...
Unpacking containerd.io (1.6.28-1) ...
Selecting previously unselected package docker-buildx-plugin.
Preparing to unpack .../2-docker-buildx-plugin_0.12.1-1~ubuntu.20.04~focal_amd64.deb ...
Unpacking docker-buildx-plugin (0.12.1-1~ubuntu.20.04~focal) ...
Selecting previously unselected package docker-ce-cli.
Preparing to unpack .../3-docker-ce-cli_5%3a25.0.3-1~ubuntu.20.04~focal_amd64.deb ...
Unpacking docker-ce-cli (5:25.0.3-1~ubuntu.20.04~focal) ...
Selecting previously unselected package docker-ce.
Preparing to unpack .../4-docker-ce_5%3a25.0.3-1~ubuntu.20.04~focal_amd64.deb ...
Unpacking docker-ce (5:25.0.3-1~ubuntu.20.04~focal) ...
Selecting previously unselected package docker-ce-rootless-extras.
Preparing to unpack .../5-docker-ce-rootless-extras_5%3a25.0.3-1~ubuntu.20.04~focal_amd64.deb ...
Unpacking docker-ce-rootless-extras (5:25.0.3-1~ubuntu.20.04~focal) ...
Selecting previously unselected package docker-compose-plugin.
Preparing to unpack .../6-docker-compose-plugin_2.24.5-1~ubuntu.20.04~focal_amd64.deb ...
Unpacking docker-compose-plugin (2.24.5-1~ubuntu.20.04~focal) ...
Selecting previously unselected package slirp4netns.
Preparing to unpack .../7-slirp4netns_0.4.3-1_amd64.deb ...
Unpacking slirp4netns (0.4.3-1) ...
Setting up slirp4netns (0.4.3-1) ...
Setting up docker-buildx-plugin (0.12.1-1~ubuntu.20.04~focal) ...
Setting up containerd.io (1.6.28-1) ...
Created symlink /etc/systemd/system/multi-user.target.wants/containerd.service → /lib/systemd/system/containerd.service.
Setting up docker-compose-plugin (2.24.5-1~ubuntu.20.04~focal) ...
Setting up docker-ce-cli (5:25.0.3-1~ubuntu.20.04~focal) ...
Setting up pigz (2.4-1) ...
Setting up docker-ce-rootless-extras (5:25.0.3-1~ubuntu.20.04~focal) ...
Setting up docker-ce (5:25.0.3-1~ubuntu.20.04~focal) ...
Created symlink /etc/systemd/system/multi-user.target.wants/docker.service → /lib/systemd/system/docker.service.
Created symlink /etc/systemd/system/sockets.target.wants/docker.socket → /lib/systemd/system/docker.socket.
Processing triggers for man-db (2.9.1-1) ...
Processing triggers for systemd (245.4-4ubuntu3.22) ...
root@ip-172-31-4-81:~# systemctl status docker
● docker.service - Docker Application Container Engine
     Loaded: loaded (/lib/systemd/system/docker.service; enabled; vendor preset>
     Active: active (running) since Mon 2024-02-19 06:12:11 UTC; 35s ago
TriggeredBy: ● docker.socket
       Docs: https://docs.docker.com
   Main PID: 5341 (dockerd)
      Tasks: 7
     Memory: 30.4M
     CGroup: /system.slice/docker.service
             └─5341 /usr/bin/dockerd -H fd:// --containerd=/run/containerd/cont>

Feb 19 06:12:11 ip-172-31-4-81 systemd[1]: Starting Docker Application Containe>
Feb 19 06:12:11 ip-172-31-4-81 dockerd[5341]: time="2024-02-19T06:12:11.1596326>
Feb 19 06:12:11 ip-172-31-4-81 dockerd[5341]: time="2024-02-19T06:12:11.1610870>
Feb 19 06:12:11 ip-172-31-4-81 dockerd[5341]: time="2024-02-19T06:12:11.2971937>
Feb 19 06:12:11 ip-172-31-4-81 dockerd[5341]: time="2024-02-19T06:12:11.5651114>
Feb 19 06:12:11 ip-172-31-4-81 dockerd[5341]: time="2024-02-19T06:12:11.5998329>
Feb 19 06:12:11 ip-172-31-4-81 dockerd[5341]: time="2024-02-19T06:12:11.6002449>
Feb 19 06:12:11 ip-172-31-4-81 dockerd[5341]: time="2024-02-19T06:12:11.6461788>
Feb 19 06:12:11 ip-172-31-4-81 systemd[1]: Started Docker Application Container>
root@ip-172-31-4-81:~#
root@ip-172-31-4-81:~#
root@ip-172-31-4-81:~#
root@ip-172-31-4-81:~#
root@ip-172-31-4-81:~# docker images
REPOSITORY   TAG       IMAGE ID   CREATED   SIZE
root@ip-172-31-4-81:~#
root@ip-172-31-4-81:~# su -jenkins
su: invalid option -- 'j'
Try 'su --help' for more information.
root@ip-172-31-4-81:~# su - jenkins
jenkins@ip-172-31-4-81:~$ docker images
permission denied while trying to connect to the Docker daemon socket at unix:///var/run/docker.sock: Get "http://%2Fvar%2Frun%2Fdocker.sock/v1.24/images/json": dial unix /var/run/docker.sock: connect: permission denied
jenkins@ip-172-31-4-81:~$ exit
logout
root@ip-172-31-4-81:~#
root@ip-172-31-4-81:~#
root@ip-172-31-4-81:~#
root@ip-172-31-4-81:~#
root@ip-172-31-4-81:~# usermod -a -G docker jenkins
root@ip-172-31-4-81:~#
root@ip-172-31-4-81:~# id jenkins
uid=114(jenkins) gid=120(jenkins) groups=120(jenkins),998(docker)
root@ip-172-31-4-81:~#
root@ip-172-31-4-81:~#
root@ip-172-31-4-81:~# reboot
root@ip-172-31-4-81:~# Connection to 18.183.199.115 closed by remote host.
Connection to 18.183.199.115 closed.

